// Jest Snapshot v1, https://goo.gl/fbAQLP

exports[`<App /> snapshot 1`] = `
<DocumentFragment>
  <div
    class="App"
  >
    <header
      class="App-header"
    >
      <img
        alt="logo"
        class="App-logo"
        src="logo.svg"
      />
      <h1>
        Testing React Components
      </h1>
      <a
        class="App-link"
        href="https://reactjs.org"
        rel="noopener noreferrer"
        target="_blank"
      >
        Learn React
      </a>
    </header>
  </div>
</DocumentFragment>
`;
